[debug] [2026-06-01T12:17:40.800Z] ----------------------------------------------------------------------
[debug] [2026-06-01T12:17:40.802Z] Command:       C:\Program Files\nodejs\node.exe C:\Program Files\nodejs\node_modules\firebase-tools\lib\bin\firebase.js init functions --project ir-assistant
[debug] [2026-06-01T12:17:40.803Z] CLI Version:   15.1.0
[debug] [2026-06-01T12:17:40.803Z] Platform:      win32
[debug] [2026-06-01T12:17:40.803Z] Node Version:  v20.19.2
[debug] [2026-06-01T12:17:40.803Z] Time:          Mon Jun 01 2026 21:17:40 GMT+0900 (대한민국 표준시)
[debug] [2026-06-01T12:17:40.803Z] ----------------------------------------------------------------------
[debug] 
[debug] [2026-06-01T12:17:40.805Z] >>> [apiv2][query] GET https://firebase-public.firebaseio.com/cli.json [none]
[info] 
     ######## #### ########  ######## ########     ###     ######  ########
     ##        ##  ##     ## ##       ##     ##  ##   ##  ##       ##
     ######    ##  ########  ######   ########  #########  ######  ######
     ##        ##  ##    ##  ##       ##     ## ##     ##       ## ##
     ##       #### ##     ## ######## ########  ##     ##  ######  ########

You're about to initialize a Firebase project in this directory:

  D:\workspace\IR_Assistant

Before we get started, keep in mind:

  * You are initializing within an existing Firebase project directory

[debug] [2026-06-01T12:18:31.738Z] <<< [apiv2][status] GET https://firebase-public.firebaseio.com/cli.json 200
[debug] [2026-06-01T12:18:31.738Z] <<< [apiv2][body] GET https://firebase-public.firebaseio.com/cli.json {"cloudBuildErrorAfter":1594252800000,"cloudBuildWarnAfter":1590019200000,"defaultNode10After":1594252800000,"minVersion":"3.0.5","node8DeploysDisabledAfter":1613390400000,"node8RuntimeDisabledAfter":1615809600000,"node8WarnAfter":1600128000000}
